---
source: linear-cli/src/output.rs
expression: result
---
 Issue   | Title                                    | Status | Assignee                                         
---------+------------------------------------------+--------+--------------------------------------------------
 ENG-200 | This is a very long title that defini... | Todo   | Very Long Assignee Name That Also Gets Displayed 
 ENG-201 | Short title                              | Done   | Unassigned
